<!DOCTYPE html><html lang="en"><head><meta charset="utf-8"><meta name="viewport" content="width=device-width, initial-scale=1.0"><meta name="generator" content="rustdoc"><meta name="description" content="API documentation for the Rust `Approved` trait in crate `pallet_democracy`."><meta name="keywords" content="rust, rustlang, rust-lang, Approved"><title>Approved in pallet_democracy - Rust</title><link rel="preload" as="font" type="font/woff2" crossorigin href="../SourceSerif4-Regular.ttf.woff2"><link rel="preload" as="font" type="font/woff2" crossorigin href="../FiraSans-Regular.woff2"><link rel="preload" as="font" type="font/woff2" crossorigin href="../FiraSans-Medium.woff2"><link rel="preload" as="font" type="font/woff2" crossorigin href="../SourceCodePro-Regular.ttf.woff2"><link rel="preload" as="font" type="font/woff2" crossorigin href="../SourceSerif4-Bold.ttf.woff2"><link rel="preload" as="font" type="font/woff2" crossorigin href="../SourceCodePro-Semibold.ttf.woff2"><link rel="stylesheet" type="text/css" href="../normalize.css"><link rel="stylesheet" type="text/css" href="../rustdoc.css" id="mainThemeStyle"><link rel="stylesheet" type="text/css" href="../ayu.css" disabled><link rel="stylesheet" type="text/css" href="../dark.css" disabled><link rel="stylesheet" type="text/css" href="../light.css" id="themeStyle"><script id="default-settings" ></script><script src="../storage.js"></script><script src="../crates.js"></script><script defer src="../main.js"></script>
    <noscript><link rel="stylesheet" href="../noscript.css"></noscript><link rel="alternate icon" type="image/png" href="../favicon-16x16.png"><link rel="alternate icon" type="image/png" href="../favicon-32x32.png"><link rel="icon" type="image/svg+xml" href="../favicon.svg"></head><body class="rustdoc trait"><!--[if lte IE 11]><div class="warning">This old browser is unsupported and will most likely display funky things.</div><![endif]--><nav class="mobile-topbar"><button class="sidebar-menu-toggle">&#9776;</button><a class="sidebar-logo" href="../pallet_democracy/index.html"><div class="logo-container"><img class="rust-logo" src="../rust-logo.svg" alt="logo"></div>
        </a><h2 class="location"></h2>
    </nav>
    <nav class="sidebar"><a class="sidebar-logo" href="../pallet_democracy/index.html"><div class="logo-container"><img class="rust-logo" src="../rust-logo.svg" alt="logo"></div>
        </a><h2 class="location"><a href="#">Approved</a></h2><div class="sidebar-elems"><section><div class="block"><h3 class="sidebar-title"><a href="#required-methods">Required Methods</a></h3><ul><li><a href="#tymethod.approved">approved</a></li></ul></div><div class="block"><h3 class="sidebar-title"><a href="#implementors">Implementors</a></h3></div></section><h2 class="location"><a href="index.html">In pallet_democracy</a></h2><div id="sidebar-vars" data-name="Approved" data-ty="trait" data-relpath=""></div><script defer src="sidebar-items.js"></script></div></nav><main><div class="width-limiter"><div class="sub-container"><a class="sub-logo-container" href="../pallet_democracy/index.html"><img class="rust-logo" src="../rust-logo.svg" alt="logo"></a><nav class="sub"><div class="theme-picker hidden"><button id="theme-picker" aria-label="Pick another theme!" aria-haspopup="menu" title="themes"><img width="22" height="22" alt="Pick another theme!" src="../brush.svg"></button><div id="theme-choices" role="menu"></div></div><form class="search-form"><div class="search-container"><span></span><input class="search-input" name="search" autocomplete="off" spellcheck="false" placeholder="Click or press ‘S’ to search, ‘?’ for more options…" type="search"><button type="button" id="help-button" title="help">?</button><a id="settings-menu" href="../settings.html" title="settings"><img width="22" height="22" alt="Change settings" src="../wheel.svg"></a></div></form></nav></div><section id="main-content" class="content"><div class="main-heading">
    <h1 class="fqn"><span class="in-band">Trait <a href="index.html">pallet_democracy</a>::<wbr><a class="trait" href="#">Approved</a><button id="copy-path" onclick="copy_path(this)" title="Copy item path to clipboard"><img src="../clipboard.svg" width="19" height="18" alt="Copy item path"></button></span></h1><span class="out-of-band"><a class="srclink" href="../src/pallet_democracy/vote_threshold.rs.html#40-44">source</a> · <a id="toggle-all-docs" href="javascript:void(0)" title="collapse all docs">[<span class="inner">&#x2212;</span>]</a></span></div><div class="docblock item-decl"><pre class="rust trait"><code>pub trait Approved&lt;Balance&gt; {
    fn <a href="#tymethod.approved" class="fnname">approved</a>(&amp;self, tally: <a class="struct" href="struct.Tally.html" title="struct pallet_democracy::Tally">Tally</a>&lt;Balance&gt;, electorate: Balance) -&gt; <a class="primitive" href="https://doc.rust-lang.org/1.60.0/std/primitive.bool.html">bool</a>;
}</code></pre></div><h2 id="required-methods" class="small-section-header">Required methods<a href="#required-methods" class="anchor"></a></h2><div class="methods"><details class="rustdoc-toggle" open><summary><div id="tymethod.approved" class="method has-srclink"><div class="rightside"><a class="srclink" href="../src/pallet_democracy/vote_threshold.rs.html#43">source</a></div><h4 class="code-header">fn <a href="#tymethod.approved" class="fnname">approved</a>(&amp;self, tally: <a class="struct" href="struct.Tally.html" title="struct pallet_democracy::Tally">Tally</a>&lt;Balance&gt;, electorate: Balance) -&gt; <a class="primitive" href="https://doc.rust-lang.org/1.60.0/std/primitive.bool.html">bool</a></h4></div></summary><div class="docblock"><p>Given a <code>tally</code> of votes and a total size of <code>electorate</code>, this returns <code>true</code> if the
overall outcome is in favor of approval according to <code>self</code>’s threshold method.</p>
</div></details></div><h2 id="implementors" class="small-section-header">Implementors<a href="#implementors" class="anchor"></a></h2><div class="item-list" id="implementors-list"><section id="impl-Approved%3CBalance%3E" class="impl has-srclink"><span class="rightside"><a class="srclink" href="../src/pallet_democracy/vote_threshold.rs.html#81-106">source</a></span><a href="#impl-Approved%3CBalance%3E" class="anchor"></a><h3 class="code-header in-band">impl&lt;Balance:&nbsp;<a class="trait" href="../integer_sqrt/trait.IntegerSquareRoot.html" title="trait integer_sqrt::IntegerSquareRoot">IntegerSquareRoot</a> + <a class="trait" href="../num_traits/identities/trait.Zero.html" title="trait num_traits::identities::Zero">Zero</a> + <a class="trait" href="https://doc.rust-lang.org/1.60.0/core/cmp/trait.Ord.html" title="trait core::cmp::Ord">Ord</a> + <a class="trait" href="https://doc.rust-lang.org/1.60.0/core/ops/arith/trait.Add.html" title="trait core::ops::arith::Add">Add</a>&lt;Balance, Output = Balance&gt; + <a class="trait" href="https://doc.rust-lang.org/1.60.0/core/ops/arith/trait.Mul.html" title="trait core::ops::arith::Mul">Mul</a>&lt;Balance, Output = Balance&gt; + <a class="trait" href="https://doc.rust-lang.org/1.60.0/core/ops/arith/trait.Div.html" title="trait core::ops::arith::Div">Div</a>&lt;Balance, Output = Balance&gt; + <a class="trait" href="https://doc.rust-lang.org/1.60.0/core/ops/arith/trait.Rem.html" title="trait core::ops::arith::Rem">Rem</a>&lt;Balance, Output = Balance&gt; + <a class="trait" href="https://doc.rust-lang.org/1.60.0/core/marker/trait.Copy.html" title="trait core::marker::Copy">Copy</a>&gt; <a class="trait" href="trait.Approved.html" title="trait pallet_democracy::Approved">Approved</a>&lt;Balance&gt; for <a class="enum" href="enum.VoteThreshold.html" title="enum pallet_democracy::VoteThreshold">VoteThreshold</a></h3></section></div><script type="text/javascript" src="../implementors/pallet_democracy/trait.Approved.js" async></script></section><section id="search" class="content hidden"></section></div></main><div id="rustdoc-vars" data-root-path="../" data-current-crate="pallet_democracy" data-themes="ayu,dark,light" data-resource-suffix="" data-rustdoc-version="1.60.0 (7737e0b5c 2022-04-04)" ></div>
</body></html>